[temp-server setup] Ready: C:\Users\jonar\Desktop\mc-ai-bot\temp-server\1.16.5
[builder-session-server] [17:00:00] [main/ERROR]: No key layers in MapLike[{}]; No key structures in MapLike[{}]; Not a registry ops
[builder-session-server] [17:00:00] [main/INFO]: Environment: authHost='https://authserver.mojang.com', accountsHost='https://api.mojang.com', sessionHost='https://sessionserver.mojang.com', servicesHost='https://api.minecraftservices.com', name='PROD'
[builder-session-server] [17:00:01] [main/WARN]: Ambiguity between arguments [teleport, destination] and [teleport, targets] with inputs: [Player, 0123, @e, dd12be42-52a9-4a91-a8a1-11c01849e498]
[builder-session-server] [17:00:01] [main/WARN]: Ambiguity between arguments [teleport, location] and [teleport, destination] with inputs: [0.1 -0.5 .9, 0 0 0]
[builder-session-server] [17:00:01] [main/WARN]: Ambiguity between arguments [teleport, location] and [teleport, targets] with inputs: [0.1 -0.5 .9, 0 0 0]
[builder-session-server] [17:00:01] [main/WARN]: Ambiguity between arguments [teleport, targets] and [teleport, destination] with inputs: [Player, 0123, dd12be42-52a9-4a91-a8a1-11c01849e498]
[builder-session-server] [17:00:01] [main/WARN]: Ambiguity between arguments [teleport, targets, location] and [teleport, targets, destination] with inputs: [0.1 -0.5 .9, 0 0 0]
[builder-session-server] [17:00:01] [main/INFO]: Reloading ResourceManager: Default
[builder-session-server] [17:00:01] [Worker-Main-14/INFO]: Loaded 7 recipes
[builder-session-server] [17:00:02] [Worker-Main-14/INFO]: Loaded 927 advancements
[builder-session-server] [17:00:03] [Server thread/INFO]: Starting minecraft server version 1.16.5
[builder-session-server] [17:00:03] [Server thread/INFO]: Loading properties
[builder-session-server] [17:00:03] [Server thread/INFO]: Default game type: SURVIVAL
[builder-session-server] [17:00:03] [Server thread/INFO]: Generating keypair
[builder-session-server] [17:00:03] [Server thread/INFO]: Starting Minecraft server on *:25566
[builder-session-server] [17:00:03] [Server thread/INFO]: Using default channel type
[builder-session-server] [17:00:05] [Server thread/WARN]: **** SERVER IS RUNNING IN OFFLINE/INSECURE MODE!
[builder-session-server] [17:00:05] [Server thread/WARN]: The server will make no attempt to authenticate usernames. Beware.
[17:00:05] [Server thread/WARN]: While this makes the game possible to play without internet access, it also opens up the ability for hackers to connect with any username they choose.
[17:00:05] [Server thread/WARN]: To change this, set "online-mode" to "true" in the server.properties file.
[builder-session-server] [17:00:05] [Server thread/INFO]: Preparing level "world"
[builder-session-server] [17:00:05] [Server thread/INFO]: Preparing start region for dimension minecraft:overworld
[builder-session-server] [17:00:05] [Server thread/INFO]: Preparing spawn area: 0%
[builder-session-server] [17:00:05] [Server thread/INFO]: Preparing spawn area: 0%
[builder-session-server] [17:00:06] [Server thread/INFO]: Preparing spawn area: 18%
[builder-session-server] [17:00:06] [Server thread/INFO]: Preparing spawn area: 90%
[builder-session-server] [17:00:07] [Server thread/INFO]: Time elapsed: 1991 ms
[builder-session-server] [17:00:07] [Server thread/INFO]: Done (2.099s)! For help, type "help"
[builder-session-server] [17:00:07] [Server thread/INFO]: Gamerule keepInventory is now set to: true
[builder-session-server] [17:00:07] [Server thread/INFO]: Gamerule doDaylightCycle is now set to: false
[builder-session-server] [17:00:07] [Server thread/INFO]: The difficulty has been set to Peaceful
[builder-session-server] [17:00:07] [Server thread/INFO]: Set the time to 1000
[builder-session-server] [17:00:07] [Server thread/INFO]: Set the weather to clear
[builder-session-server] [17:00:07] [Server thread/INFO]: The default game mode is now Creative Mode
[builder-session-server] [17:00:07] [Server thread/INFO]: Nothing changed. The player already is an operator
[builder-session-server] [17:00:07] [Server thread/INFO]: Nothing changed. The player already is an operator
[builder-session-server] [17:00:07] [Server thread/INFO]: Nothing changed. The player already is an operator
[builder-session-server] [17:00:07] [Server thread/INFO]: No player was found
[builder-session-server] [17:00:07] [Server thread/INFO]: Killed 2 entities
[builder-session-server] [17:00:07] [Server thread/INFO]: No entity was found
[builder-session-bot] [plugins] Loaded optional plugins: collectBlock, tool, autoEat
[builder-session-server] [17:00:09] [Server thread/INFO]: TeammateBot[/127.0.0.1:61530] logged in with entity id 14 at (5.6662939461337, 6.0, -7.3888863074763)
[builder-session-server] [17:00:09] [Server thread/INFO]: TeammateBot joined the game
[builder-session-bot] [pvp] Retaliation armed.
[builder-session-bot] [bot] Spawned as TeammateBot
[builder-session-server] [17:00:10] [Server thread/INFO]: <TeammateBot> I am online.
[builder-session-server] [17:00:10] [Server thread/INFO]: Teleported TeammateBot to 0.5, 5.0, 0.5
[builder-session-server] [17:00:10] [Server thread/INFO]: Applied effect Instant Health to TeammateBot
[17:00:10] [Server thread/INFO]: Successfully filled 77 blocks
[17:00:10] [Server thread/INFO]: Successfully filled 238 blocks
[17:00:10] [Server thread/INFO]: Removed 812 items from player TeammateBot
[17:00:10] [Server thread/INFO]: Gave 64 [Spruce Log] to TeammateBot
[17:00:10] [Server thread/INFO]: Gave 256 [Spruce Planks] to TeammateBot
[17:00:10] [Server thread/INFO]: Gave 160 [Oak Planks] to TeammateBot
[17:00:10] [Server thread/INFO]: Gave 128 [Stone Bricks] to TeammateBot
[17:00:10] [Server thread/INFO]: Gave 96 [Cobblestone] to TeammateBot
[17:00:10] [Server thread/INFO]: Gave 32 [Glass] to TeammateBot
[17:00:10] [Server thread/INFO]: Gave 32 [Glass Pane] to TeammateBot
[17:00:10] [Server thread/INFO]: Gave 1 [Spruce Door] to TeammateBot
[17:00:10] [Server thread/INFO]: Gave 1 [Chest] to TeammateBot
[17:00:10] [Server thread/INFO]: Gave 1 [Crafting Table] to TeammateBot
[17:00:10] [Server thread/INFO]: Gave 1 [Furnace] to TeammateBot
[17:00:10] [Server thread/INFO]: Gave 32 [Torch] to TeammateBot
[17:00:10] [Server thread/INFO]: Gave 16 [Steak] to TeammateBot
[17:00:10] [Server thread/INFO]: CodexTester[/127.0.0.1:61531] logged in with entity id 35 at (185.5, 4.0, -51.5)
[17:00:10] [Server thread/INFO]: CodexTester joined the game
[builder-session-server] [17:00:13] [Server thread/INFO]: <CodexTester> !buildBase fancy spruce
[builder-session-bot] [chat] CodexTester: !buildbase fancy spruce
[builder-session-server] [17:00:13] [Server thread/INFO]: <TeammateBot> Building fancy starter base with spruce + stone bricks.
[builder-session-server] [17:00:15] [Server thread/INFO]: No player was found
[builder-session-server] [17:00:20] [Server thread/INFO]: No player was found
[builder-session-server] [17:00:25] [Server thread/INFO]: No player was found
[builder-session-server] [17:00:30] [Server thread/INFO]: No player was found
[builder-session-server] [17:00:35] [Server thread/INFO]: No player was found
[builder-session-server] [17:00:40] [Server thread/INFO]: No player was found
[builder-session-server] [17:00:45] [Server thread/INFO]: No player was found
[builder-session-server] [17:00:50] [Server thread/INFO]: No player was found
[builder-session-server] [17:00:55] [Server thread/INFO]: No player was found
[builder-session-server] [17:01:00] [Server thread/INFO]: No player was found
[builder-session-server] [17:01:05] [Server thread/INFO]: No player was found
[builder-session-server] [17:01:10] [Server thread/INFO]: No player was found
[builder-session-server] [17:01:15] [Server thread/INFO]: No player was found
[builder-session-server] [17:01:20] [Server thread/INFO]: No player was found
[builder-session-server] [17:01:25] [Server thread/INFO]: No player was found
[builder-session-server] [17:01:30] [Server thread/INFO]: No player was found
[builder-session-server] [17:01:35] [Server thread/INFO]: No player was found
[builder-session-server] [17:01:40] [Server thread/INFO]: No player was found
[builder-session-server] [17:01:45] [Server thread/INFO]: No player was found
[builder-session-server] [17:01:50] [Server thread/INFO]: No player was found
[builder-session-server] [17:01:55] [Server thread/INFO]: No player was found
[builder-session-server] [17:02:00] [Server thread/INFO]: No player was found
[builder-session-server] [17:02:05] [Server thread/INFO]: No player was found
[builder-session-server] [17:02:10] [Server thread/INFO]: No player was found
[builder-session-server] [17:02:10] [Server thread/WARN]: Mismatch in destroy block pos: fx{x=0, y=0, z=0} fx{x=4, y=5, z=-4}
[builder-session-server] [17:02:15] [Server thread/INFO]: No player was found
[builder-session-server] [17:02:20] [Server thread/INFO]: No player was found
[builder-session-server] [17:02:25] [Server thread/INFO]: No player was found
[builder-session-server] [17:02:30] [Server thread/INFO]: No player was found
[builder-session-server] [17:02:35] [Server thread/INFO]: No player was found
[builder-session-server] [17:02:38] [Server thread/INFO]: <TeammateBot> fancy starter base placed 316 blocks.
[builder-session-server] [17:02:40] [Server thread/INFO]: No player was found
[builder-session-server] [17:02:45] [Server thread/INFO]: No player was found
[builder-session-server] [17:02:50] [Server thread/INFO]: No player was found
[builder-session-server] [17:02:55] [Server thread/INFO]: No player was found
[builder-session-server] [17:03:00] [Server thread/INFO]: No player was found
[builder-session-server] [17:03:05] [Server thread/INFO]: No player was found
[builder-session-server] [17:03:10] [Server thread/INFO]: No player was found
[builder-session-server] [17:03:15] [Server thread/INFO]: No player was found
[builder-session-server] [17:03:20] [Server thread/INFO]: No player was found
[builder-session-server] [17:03:25] [Server thread/INFO]: No player was found
[builder-session-server] [17:03:30] [Server thread/INFO]: No player was found
[builder-session-server] [17:03:35] [Server thread/INFO]: No player was found
[builder-session-server] [17:03:40] [Server thread/INFO]: No player was found
[builder-session-server] [17:03:45] [Server thread/INFO]: No player was found
[builder-session-server] [17:03:50] [Server thread/INFO]: No player was found
[builder-session-server] [17:03:55] [Server thread/INFO]: No player was found
[builder-session-server] [17:04:00] [Server thread/INFO]: No player was found
[builder-session-server] [17:04:05] [Server thread/INFO]: jonn1[/127.0.0.1:61551] logged in with entity id 47 at (-19.110081749457134, 7.116501367928138, -4.645909569013494)
[builder-session-server] [17:04:05] [Server thread/INFO]: jonn1 joined the game
[builder-session-server] [17:04:06] [Server thread/INFO]: Teleported jonn1 to 2.5, 5.0, 2.5
[builder-session-server] [17:04:06] [Server thread/INFO]: You whisper to jonn1: Builder session ready. TeammateBot is building the fancy base.
[builder-session-server] [17:04:06] [Server thread/WARN]: jonn1 moved too quickly! 21.610081749457134,1.0,7.145909569013494
[builder-session-server] [17:04:06] [Server thread/WARN]: jonn1 moved too quickly! 21.610081749457134,1.0,7.145909569013494
[builder-session-server] [17:04:06] [Server thread/WARN]: jonn1 moved too quickly! 21.610081749457134,1.0,7.145909569013494
[builder-session-server] [17:04:06] [Server thread/WARN]: jonn1 moved too quickly! 21.610081749457134,1.0,7.145909569013494
[builder-session-server] [17:04:06] [Server thread/WARN]: jonn1 moved too quickly! 21.610081749457134,1.0,7.145909569013494
[builder-session-server] [17:04:06] [Server thread/WARN]: jonn1 moved too quickly! 21.610081749457134,1.0,7.145909569013494
[builder-session-server] [17:04:06] [Server thread/WARN]: jonn1 moved too quickly! 21.610081749457134,1.0,7.145909569013494
[builder-session-server] [17:04:06] [Server thread/WARN]: jonn1 moved too quickly! 21.610081749457134,1.0,7.145909569013494
[builder-session-server] [17:04:06] [Server thread/WARN]: jonn1 moved too quickly! 21.610081749457134,1.0,7.145909569013494
[builder-session-server] [17:04:06] [Server thread/WARN]: jonn1 moved too quickly! 21.610081749457134,1.0,7.145909569013494
[builder-session-server] [17:04:06] [Server thread/WARN]: jonn1 moved too quickly! 21.610081749457134,1.0,7.145909569013494
[builder-session-server] [17:04:06] [Server thread/WARN]: jonn1 moved too quickly! 21.610081749457134,1.0,7.145909569013494
[builder-session-server] [17:04:06] [Server thread/WARN]: jonn1 moved too quickly! 21.610081749457134,1.0,7.145909569013494
[builder-session-server] [17:04:06] [Server thread/WARN]: jonn1 moved too quickly! 21.610081749457134,1.0,7.145909569013494
[builder-session-server] [17:04:06] [Server thread/WARN]: jonn1 moved too quickly! 21.610081749457134,1.0,7.145909569013494
[builder-session-server] [17:04:06] [Server thread/WARN]: jonn1 moved too quickly! 21.610081749457134,1.0,7.145909569013494
[builder-session-server] [17:04:06] [Server thread/WARN]: jonn1 moved too quickly! 21.610081749457134,1.0,7.145909569013494
[builder-session-server] [17:04:06] [Server thread/WARN]: jonn1 moved too quickly! 21.610081749457134,1.0,7.145909569013494
[builder-session-server] [17:04:06] [Server thread/WARN]: jonn1 moved too quickly! 21.610081749457134,1.0,7.145909569013494
[builder-session-server] [17:04:06] [Server thread/WARN]: jonn1 moved too quickly! 21.610081749457134,1.0,7.145909569013494
[builder-session-server] [17:04:06] [Server thread/WARN]: jonn1 moved too quickly! 21.610081749457134,1.0,7.145909569013494
[builder-session-server] [17:04:06] [Server thread/WARN]: jonn1 moved too quickly! 21.610081749457134,1.0,7.145909569013494
[builder-session-server] [17:04:06] [Server thread/WARN]: jonn1 moved too quickly! 21.610081749457134,1.0,7.145909569013494
[builder-session-server] [17:04:06] [Server thread/WARN]: jonn1 moved too quickly! 21.610081749457134,1.0,7.145909569013494
[builder-session-server] [17:04:06] [Server thread/WARN]: jonn1 moved too quickly! 21.610081749457134,1.0,7.145909569013494
[builder-session-server] [17:04:06] [Server thread/WARN]: jonn1 moved too quickly! 21.610081749457134,1.0,7.145909569013494
[builder-session-server] [17:04:06] [Server thread/WARN]: jonn1 moved too quickly! 21.610081749457134,1.0,7.145909569013494
[builder-session-server] [17:04:06] [Server thread/WARN]: jonn1 moved too quickly! 21.610081749457134,1.0,7.145909569013494
[builder-session-server] [17:04:06] [Server thread/WARN]: jonn1 moved too quickly! 21.610081749457134,1.0,7.145909569013494
[builder-session-server] [17:04:06] [Server thread/WARN]: jonn1 moved too quickly! 21.610081749457134,1.0,7.145909569013494
[builder-session-server] [17:04:06] [Server thread/WARN]: jonn1 moved too quickly! 21.610081749457134,1.0,7.145909569013494
[builder-session-server] [17:04:06] [Server thread/WARN]: jonn1 moved too quickly! 21.610081749457134,1.0,7.145909569013494
[builder-session-server] [17:04:06] [Server thread/WARN]: jonn1 moved too quickly! 21.610081749457134,1.0,7.145909569013494
[builder-session-server] [17:04:06] [Server thread/WARN]: jonn1 moved too quickly! 21.610081749457134,1.0,7.145909569013494
[builder-session-server] [17:04:06] [Server thread/WARN]: jonn1 moved too quickly! 21.610081749457134,1.0,7.145909569013494
[builder-session-server] [17:04:06] [Server thread/WARN]: jonn1 moved too quickly! 21.610081749457134,1.0,7.145909569013494
[builder-session-server] [17:04:06] [Server thread/WARN]: jonn1 moved too quickly! 21.610081749457134,1.0,7.145909569013494
[builder-session-server] [17:04:06] [Server thread/WARN]: jonn1 moved too quickly! 21.610081749457134,1.0,7.145909569013494
[builder-session-server] [17:04:06] [Server thread/WARN]: jonn1 moved too quickly! 21.610081749457134,1.0,7.145909569013494
[builder-session-server] [17:04:06] [Server thread/WARN]: jonn1 moved too quickly! 21.610081749457134,1.0,7.145909569013494
[builder-session-server] [17:04:06] [Server thread/WARN]: jonn1 moved too quickly! 21.610081749457134,1.0,7.145909569013494
[builder-session-server] [17:04:06] [Server thread/WARN]: jonn1 moved too quickly! 21.610081749457134,1.0,7.145909569013494
[builder-session-server] [17:04:06] [Server thread/WARN]: jonn1 moved too quickly! 21.610081749457134,1.0,7.145909569013494
[builder-session-server] [17:04:06] [Server thread/WARN]: jonn1 moved too quickly! 21.610081749457134,1.0,7.145909569013494
[builder-session-server] [17:04:06] [Server thread/WARN]: jonn1 moved too quickly! 21.610081749457134,1.0,7.145909569013494
[builder-session-server] [17:04:06] [Server thread/WARN]: jonn1 moved too quickly! 21.610081749457134,1.0,7.145909569013494
[builder-session-server] [17:04:06] [Server thread/WARN]: jonn1 moved too quickly! 21.610081749457134,1.0,7.145909569013494
[builder-session-server] [17:04:06] [Server thread/WARN]: jonn1 moved too quickly! 21.610081749457134,1.0,7.145909569013494
[builder-session-server] [17:04:06] [Server thread/WARN]: jonn1 moved too quickly! 21.610081749457134,1.0,7.145909569013494
[builder-session-server] [17:04:06] [Server thread/WARN]: jonn1 moved too quickly! 21.610081749457134,1.0,7.145909569013494
[builder-session-server] [17:04:06] [Server thread/WARN]: jonn1 moved too quickly! 21.610081749457134,1.0,7.145909569013494
[builder-session-server] [17:04:06] [Server thread/WARN]: jonn1 moved too quickly! 21.610081749457134,1.0,7.145909569013494
[builder-session-server] [17:04:06] [Server thread/WARN]: jonn1 moved too quickly! 21.610081749457134,1.0,7.145909569013494
[builder-session-server] [17:04:06] [Server thread/WARN]: jonn1 moved too quickly! 21.610081749457134,1.0,7.145909569013494
[builder-session-server] [17:04:06] [Server thread/WARN]: jonn1 moved too quickly! 21.610081749457134,1.0,7.145909569013494
[builder-session-server] [17:04:06] [Server thread/WARN]: jonn1 moved too quickly! 21.610081749457134,1.0,7.145909569013494
[builder-session-server] [17:04:06] [Server thread/WARN]: jonn1 moved too quickly! 21.610081749457134,1.0,7.145909569013494
[builder-session-server] [17:04:06] [Server thread/WARN]: jonn1 moved too quickly! 21.610081749457134,1.0,7.145909569013494
[builder-session-server] [17:04:06] [Server thread/WARN]: jonn1 moved too quickly! 21.610081749457134,1.0,7.145909569013494
[builder-session-server] [17:04:06] [Server thread/WARN]: jonn1 moved too quickly! 21.610081749457134,1.0,7.145909569013494
[builder-session-server] [17:04:06] [Server thread/WARN]: jonn1 moved too quickly! 21.610081749457134,1.0,7.145909569013494
[builder-session-server] [17:04:06] [Server thread/WARN]: jonn1 moved too quickly! 21.610081749457134,1.0,7.145909569013494
[builder-session-server] [17:04:06] [Server thread/WARN]: jonn1 moved too quickly! 21.610081749457134,1.0,7.145909569013494
[builder-session-server] [17:04:06] [Server thread/WARN]: jonn1 moved too quickly! 21.610081749457134,1.0,7.145909569013494
[builder-session-server] [17:04:06] [Server thread/WARN]: jonn1 moved too quickly! 21.610081749457134,1.0,7.145909569013494
[builder-session-server] [17:04:06] [Server thread/WARN]: jonn1 moved too quickly! 21.610081749457134,1.0,7.145909569013494
[builder-session-server] [17:04:06] [Server thread/WARN]: jonn1 moved too quickly! 21.610081749457134,1.0,7.145909569013494
[builder-session-server] [17:04:06] [Server thread/WARN]: jonn1 moved too quickly! 21.610081749457134,1.0,7.145909569013494
[builder-session-server] [17:04:06] [Server thread/WARN]: jonn1 moved too quickly! 21.610081749457134,1.0,7.145909569013494
[builder-session-server] [17:04:06] [Server thread/WARN]: jonn1 moved too quickly! 21.610081749457134,1.0,7.145909569013494
[builder-session-server] [17:04:06] [Server thread/WARN]: jonn1 moved too quickly! 21.610081749457134,1.0,7.145909569013494
[builder-session-server] [17:04:06] [Server thread/WARN]: jonn1 moved too quickly! 21.610081749457134,1.0,7.145909569013494
[builder-session-server] [17:04:06] [Server thread/WARN]: jonn1 moved too quickly! 21.610081749457134,1.0,7.145909569013494
[builder-session-server] [17:04:06] [Server thread/WARN]: jonn1 moved too quickly! 21.610081749457134,1.0,7.145909569013494
[builder-session-server] [17:04:06] [Server thread/WARN]: jonn1 moved too quickly! 21.610081749457134,1.0,7.145909569013494
[builder-session-server] [17:04:06] [Server thread/WARN]: jonn1 moved too quickly! 21.610081749457134,1.0,7.145909569013494
[builder-session-server] [17:04:06] [Server thread/WARN]: jonn1 moved too quickly! 21.610081749457134,1.0,7.145909569013494
[builder-session-server] [17:04:06] [Server thread/WARN]: jonn1 moved too quickly! 21.610081749457134,1.0,7.145909569013494
[builder-session-server] [17:04:06] [Server thread/WARN]: jonn1 moved too quickly! 21.610081749457134,1.0,7.145909569013494
[builder-session-server] [17:04:06] [Server thread/WARN]: jonn1 moved too quickly! 21.610081749457134,1.0,7.145909569013494
[builder-session-server] [17:04:06] [Server thread/WARN]: jonn1 moved too quickly! 21.610081749457134,1.0,7.145909569013494
[builder-session-server] [17:04:06] [Server thread/WARN]: jonn1 moved too quickly! 21.610081749457134,1.0,7.145909569013494
[builder-session-server] [17:04:06] [Server thread/WARN]: jonn1 moved too quickly! 21.610081749457134,1.0,7.145909569013494
[builder-session-server] [17:04:06] [Server thread/WARN]: jonn1 moved too quickly! 21.610081749457134,1.0,7.145909569013494
[builder-session-server] [17:04:06] [Server thread/WARN]: jonn1 moved too quickly! 21.610081749457134,1.0,7.145909569013494
[builder-session-server] [17:04:06] [Server thread/WARN]: jonn1 moved too quickly! 21.610081749457134,1.0,7.145909569013494
[builder-session-server] [17:04:06] [Server thread/WARN]: jonn1 moved too quickly! 21.610081749457134,1.0,7.145909569013494
[builder-session-server] [17:04:06] [Server thread/WARN]: jonn1 moved too quickly! 21.610081749457134,1.0,7.145909569013494
[builder-session-server] [17:04:06] [Server thread/WARN]: jonn1 moved too quickly! 21.610081749457134,1.0,7.145909569013494
[builder-session-server] [17:04:06] [Server thread/WARN]: jonn1 moved too quickly! 21.610081749457134,1.0,7.145909569013494
[builder-session-server] [17:04:06] [Server thread/WARN]: jonn1 moved too quickly! 21.610081749457134,1.0,7.145909569013494
[builder-session-server] [17:04:06] [Server thread/WARN]: jonn1 moved too quickly! 21.610081749457134,1.0,7.145909569013494
[builder-session-server] [17:04:06] [Server thread/WARN]: jonn1 moved too quickly! 21.610081749457134,1.0,7.145909569013494
[builder-session-server] [17:04:06] [Server thread/WARN]: jonn1 moved too quickly! 21.610081749457134,1.0,7.145909569013494
[builder-session-server] [17:04:06] [Server thread/WARN]: jonn1 moved too quickly! 21.610081749457134,1.0,7.145909569013494
[builder-session-server] [17:04:06] [Server thread/WARN]: jonn1 moved too quickly! 21.610081749457134,1.0,7.145909569013494
[builder-session-server] [17:04:06] [Server thread/WARN]: jonn1 moved too quickly! 21.610081749457134,1.0,7.145909569013494
[builder-session-server] [17:04:06] [Server thread/WARN]: jonn1 moved too quickly! 21.610081749457134,1.0,7.145909569013494
[builder-session-server] [17:04:06] [Server thread/WARN]: jonn1 moved too quickly! 21.610081749457134,1.0,7.145909569013494
[builder-session-server] [17:04:06] [Server thread/WARN]: jonn1 moved too quickly! 21.610081749457134,1.0,7.145909569013494
[builder-session-server] [17:04:06] [Server thread/WARN]: jonn1 moved too quickly! 21.610081749457134,1.0,7.145909569013494
[builder-session-server] [17:04:06] [Server thread/WARN]: jonn1 moved too quickly! 21.610081749457134,1.0,7.145909569013494
[builder-session-server] [17:04:06] [Server thread/WARN]: jonn1 moved too quickly! 21.610081749457134,1.0,7.145909569013494
[builder-session-server] [17:04:06] [Server thread/WARN]: jonn1 moved too quickly! 21.610081749457134,1.0,7.145909569013494
[builder-session-server] [17:04:07] [Server thread/INFO]: [jonn1: Set the world spawn point to 2, 5, 2 [0.0]]
[builder-session-server] [17:04:07] [Server thread/INFO]: [jonn1: Teleported jonn1 to 2.5, 5.0, 2.5]
[builder-session-server] [17:04:09] [Server thread/INFO]: jonn1 lost connection: Disconnected
[builder-session-server] [17:04:09] [Server thread/INFO]: jonn1 left the game
[builder-session-server] [17:04:10] [Server thread/INFO]: No player was found
[builder-session-server] [17:04:15] [Server thread/INFO]: No player was found
[builder-session-server] [17:04:20] [Server thread/INFO]: No player was found
[builder-session-server] [17:04:25] [Server thread/INFO]: No player was found
[builder-session-server] [17:04:30] [Server thread/INFO]: No player was found
[builder-session-server] [17:04:35] [Server thread/INFO]: No player was found
[builder-session-server] [17:04:40] [Server thread/INFO]: No player was found
[builder-session-server] [17:04:45] [Server thread/INFO]: No player was found
[builder-session-server] [17:04:50] [Server thread/INFO]: No player was found
[builder-session-server] [17:04:55] [Server thread/INFO]: No player was found
[builder-session-server] [17:05:00] [Server thread/INFO]: No player was found
[builder-session-server] [17:05:05] [Server thread/INFO]: No player was found
[builder-session-server] [17:05:10] [Server thread/INFO]: No player was found
[builder-session-server] [17:05:15] [Server thread/INFO]: No player was found
[builder-session-server] [17:05:20] [Server thread/INFO]: No player was found
[builder-session-server] [17:05:25] [Server thread/INFO]: No player was found
[builder-session-server] [17:05:30] [Server thread/INFO]: No player was found
[builder-session-server] [17:05:35] [Server thread/INFO]: No player was found
[builder-session-server] [17:05:40] [Server thread/INFO]: No player was found
[builder-session-server] [17:05:45] [Server thread/INFO]: No player was found
[builder-session-server] [17:05:50] [Server thread/INFO]: No player was found
[builder-session-server] [17:05:55] [Server thread/INFO]: No player was found
[builder-session-server] [17:06:00] [Server thread/INFO]: No player was found
[builder-session-server] [17:06:05] [Server thread/INFO]: No player was found
[builder-session-server] [17:06:10] [Server thread/INFO]: No player was found
[builder-session-server] [17:06:15] [Server thread/INFO]: No player was found
[builder-session-server] [17:06:20] [Server thread/INFO]: No player was found
[builder-session-server] [17:06:25] [Server thread/INFO]: No player was found
[builder-session-server] [17:06:30] [Server thread/INFO]: No player was found
[builder-session-server] [17:06:35] [Server thread/INFO]: No player was found
[builder-session-server] [17:06:40] [Server thread/INFO]: No player was found
[builder-session-server] [17:06:45] [Server thread/INFO]: No player was found
[builder-session-server] [17:06:50] [Server thread/INFO]: No player was found
[builder-session-server] [17:06:55] [Server thread/INFO]: No player was found
[builder-session-server] [17:07:00] [Server thread/INFO]: No player was found
[builder-session-server] [17:07:05] [Server thread/INFO]: No player was found
[builder-session-server] [17:07:10] [Server thread/INFO]: No player was found
[builder-session-server] [17:07:15] [Server thread/INFO]: No player was found
[builder-session-server] [17:07:20] [Server thread/INFO]: No player was found
[builder-session-server] [17:07:25] [Server thread/INFO]: No player was found
[builder-session-server] [17:07:30] [Server thread/INFO]: No player was found
[builder-session-server] [17:07:35] [Server thread/INFO]: No player was found
[builder-session-server] [17:07:40] [Server thread/INFO]: No player was found
[builder-session-server] [17:07:45] [Server thread/INFO]: No player was found
[builder-session-server] [17:07:50] [Server thread/INFO]: No player was found
[builder-session-server] [17:07:55] [Server thread/INFO]: No player was found
[builder-session-server] [17:08:00] [Server thread/INFO]: No player was found
[builder-session-server] [17:08:05] [Server thread/INFO]: No player was found
[builder-session-server] [17:08:11] [Server thread/INFO]: No player was found
[builder-session-server] [17:08:16] [Server thread/INFO]: No player was found
[builder-session-server] [17:08:21] [Server thread/INFO]: No player was found
[builder-session-server] [17:08:26] [Server thread/INFO]: No player was found
[builder-session-server] [17:08:31] [Server thread/INFO]: No player was found
[builder-session-server] [17:08:36] [Server thread/INFO]: No player was found
[builder-session-server] [17:08:41] [Server thread/INFO]: No player was found
[builder-session-server] [17:08:46] [Server thread/INFO]: No player was found
[builder-session-server] [17:08:48] [Server thread/INFO]: <TeammateBot> Defending from lightning_bolt.
[builder-session-server] [17:08:51] [Server thread/INFO]: No player was found
[builder-session-bot] [dispatcher:mob_defense] target not visible
[builder-session-server] [17:08:56] [Server thread/INFO]: No player was found
[builder-session-server] [17:09:01] [Server thread/INFO]: No player was found
[builder-session-server] [17:09:06] [Server thread/INFO]: No player was found
[builder-session-server] [17:09:11] [Server thread/INFO]: No player was found
[builder-session-server] [17:09:16] [Server thread/INFO]: No player was found
[builder-session-server] [17:09:21] [Server thread/INFO]: No player was found
[builder-session-server] [17:09:26] [Server thread/INFO]: No player was found
[builder-session-server] [17:09:31] [Server thread/INFO]: No player was found
[builder-session-server] [17:09:36] [Server thread/INFO]: No player was found
[builder-session-server] [17:09:41] [Server thread/INFO]: No player was found
[builder-session-server] [17:09:46] [Server thread/INFO]: No player was found
[builder-session-server] [17:09:51] [Server thread/INFO]: No player was found
[builder-session-server] [17:09:56] [Server thread/INFO]: No player was found
[builder-session-server] [17:10:01] [Server thread/INFO]: No player was found
[builder-session-server] [17:10:06] [Server thread/INFO]: No player was found
[builder-session-server] [17:10:11] [Server thread/INFO]: No player was found
[builder-session-server] [17:10:16] [Server thread/INFO]: No player was found
[builder-session-server] [17:10:21] [Server thread/INFO]: No player was found
[builder-session-server] [17:10:26] [Server thread/INFO]: No player was found
[builder-session-server] [17:10:31] [Server thread/INFO]: No player was found
