[12:15:37] [main/ERROR]: No key layers in MapLike[{}]; No key structures in MapLike[{}]; Not a registry ops
[12:15:37] [main/INFO]: Environment: authHost='https://authserver.mojang.com', accountsHost='https://api.mojang.com', sessionHost='https://sessionserver.mojang.com', servicesHost='https://api.minecraftservices.com', name='PROD'
[12:15:38] [main/WARN]: Ambiguity between arguments [teleport, destination] and [teleport, targets] with inputs: [Player, 0123, @e, dd12be42-52a9-4a91-a8a1-11c01849e498]
[12:15:38] [main/WARN]: Ambiguity between arguments [teleport, location] and [teleport, destination] with inputs: [0.1 -0.5 .9, 0 0 0]
[12:15:38] [main/WARN]: Ambiguity between arguments [teleport, location] and [teleport, targets] with inputs: [0.1 -0.5 .9, 0 0 0]
[12:15:38] [main/WARN]: Ambiguity between arguments [teleport, targets] and [teleport, destination] with inputs: [Player, 0123, dd12be42-52a9-4a91-a8a1-11c01849e498]
[12:15:38] [main/WARN]: Ambiguity between arguments [teleport, targets, location] and [teleport, targets, destination] with inputs: [0.1 -0.5 .9, 0 0 0]
[12:15:38] [main/INFO]: Reloading ResourceManager: Default
[12:15:38] [Worker-Main-13/INFO]: Loaded 7 recipes
[12:15:39] [Worker-Main-13/INFO]: Loaded 927 advancements
[12:15:40] [Server thread/INFO]: Starting minecraft server version 1.16.5
[12:15:40] [Server thread/INFO]: Loading properties
[12:15:40] [Server thread/INFO]: Default game type: SURVIVAL
[12:15:40] [Server thread/INFO]: Generating keypair
[12:15:40] [Server thread/INFO]: Starting Minecraft server on *:25566
[12:15:40] [Server thread/INFO]: Using default channel type
[12:15:41] [Server thread/WARN]: **** SERVER IS RUNNING IN OFFLINE/INSECURE MODE!
[12:15:41] [Server thread/WARN]: The server will make no attempt to authenticate usernames. Beware.
[12:15:41] [Server thread/WARN]: While this makes the game possible to play without internet access, it also opens up the ability for hackers to connect with any username they choose.
[12:15:41] [Server thread/WARN]: To change this, set "online-mode" to "true" in the server.properties file.
[12:15:41] [Server thread/INFO]: Preparing level "world"
[12:15:41] [Server thread/INFO]: Preparing start region for dimension minecraft:overworld
[12:15:41] [Server thread/INFO]: Preparing spawn area: 0%
[12:15:41] [Server thread/INFO]: Preparing spawn area: 0%
[12:15:42] [Server thread/INFO]: Preparing spawn area: 23%
[12:15:43] [Server thread/INFO]: Preparing spawn area: 91%
[12:15:43] [Server thread/INFO]: Time elapsed: 1983 ms
[12:15:43] [Server thread/INFO]: Done (2.101s)! For help, type "help"
[12:16:20] [Server thread/INFO]: TeammateBot[/127.0.0.1:56633] logged in with entity id 17 at (-5.5, 5.0, -13.3)
[12:16:20] [Server thread/INFO]: TeammateBot joined the game
[12:16:20] [Server thread/INFO]: <TeammateBot> I am online.
[12:21:07] [Server thread/INFO]: TeammateBot lost connection: Disconnected
[12:21:07] [Server thread/INFO]: TeammateBot left the game
[12:21:08] [Server thread/INFO]: TeammateBot[/127.0.0.1:51404] logged in with entity id 29 at (-5.5, 5.0, -13.3)
[12:21:08] [Server thread/INFO]: TeammateBot joined the game
[12:21:08] [Server thread/INFO]: <TeammateBot> I am online.
[12:31:43] [Server thread/INFO]: TeammateBot lost connection: Disconnected
[12:31:43] [Server thread/INFO]: TeammateBot left the game
[12:31:43] [Server thread/INFO]: TeammateBot[/127.0.0.1:61685] logged in with entity id 42 at (-2.47319735916922, 5.0, -14.580782669612065)
[12:31:43] [Server thread/INFO]: TeammateBot joined the game
[12:31:44] [Server thread/INFO]: <TeammateBot> I am online.
[12:46:42] [Server thread/INFO]: TeammateBot lost connection: Disconnected
[12:46:42] [Server thread/INFO]: TeammateBot left the game
[12:46:43] [Server thread/INFO]: TeammateBot[/127.0.0.1:60392] logged in with entity id 52 at (1.5, 6.0, -17.342910259330015)
[12:46:43] [Server thread/INFO]: TeammateBot joined the game
[12:46:43] [Server thread/INFO]: <TeammateBot> I am online.
[12:48:37] [Server thread/INFO]: jonn1[/127.0.0.1:59807] logged in with entity id 54 at (-3.3698703116709843, 5.0, -8.178288583928728)
[12:48:37] [Server thread/INFO]: jonn1 joined the game
[12:48:40] [Server thread/INFO]: jonn1 lost connection: Disconnected
[12:48:40] [Server thread/INFO]: jonn1 left the game
[12:48:41] [Server thread/INFO]: jonn1[/127.0.0.1:59808] logged in with entity id 55 at (-3.3698703116709843, 5.0, -8.178288583928728)
[12:48:41] [Server thread/INFO]: jonn1 joined the game
[12:49:00] [Server thread/INFO]: <TeammateBot> PVP: fighting jonn1.
[12:50:29] [Server thread/INFO]: TeammateBot blew up
[12:50:29] [Server thread/INFO]: <TeammateBot> I died in PVP. Resetting.
[12:50:29] [Server thread/INFO]: <TeammateBot> PVP training: 89s, dmg 66.1, melee 18/20, bow 0/6, crystals 1/17, combo x4, misses 1, resets 3, anti-bait 3, dodges 1, pre-dodges 4, press 32. Coach: apples slowed pressure; totem cycling under pressure; bow aim underper
[12:50:29] [Server thread/INFO]: <TeammateBot> I died. Regrouping.
[12:54:13] [Server thread/INFO]: TeammateBot lost connection: Disconnected
[12:54:13] [Server thread/INFO]: TeammateBot left the game
[12:54:14] [Server thread/INFO]: TeammateBot[/127.0.0.1:55126] logged in with entity id 82 at (2.4822805001394608, 5.419999986886978, -4.456895298383336)
[12:54:14] [Server thread/INFO]: TeammateBot joined the game
[12:54:15] [Server thread/INFO]: <TeammateBot> I am online.
[12:58:42] [Server thread/INFO]: TeammateBot lost connection: Disconnected
[12:58:42] [Server thread/INFO]: TeammateBot left the game
[12:58:43] [Server thread/INFO]: TeammateBot[/127.0.0.1:64226] logged in with entity id 86 at (2.5415554538074696, 5.0, -9.5)
[12:58:43] [Server thread/INFO]: TeammateBot joined the game
[12:58:43] [Server thread/INFO]: <TeammateBot> I am online.
[13:02:49] [Server thread/INFO]: <TeammateBot> PVP: fighting jonn1.
[13:05:03] [Server thread/INFO]: jonn1 was slain by TeammateBot
[13:05:05] [Server thread/WARN]: jonn1 moved too quickly! 18.03665709360295,1.0999999999999996,39.28538949691165
[13:05:05] [Server thread/WARN]: jonn1 moved too quickly! 18.03665709360295,1.0999999999999996,39.28538949691165
[13:08:07] [Server thread/INFO]: <TeammateBot> PVP timed out after 300s.
[13:08:07] [Server thread/INFO]: <TeammateBot> PVP training: 318s, dmg 83.4, melee 57/58, bow 0/1, crystals 0/2, combo x27, resets 7, anti-bait 7, dodges 1, pre-dodges 1, press 499. Coach: apples slowed pressure; totem cycling under pressure; best combo x27. Tuned co
[15:38:56] [Server thread/INFO]: TeammateBot lost connection: You logged in from another location
[15:38:56] [Server thread/INFO]: TeammateBot left the game
[15:38:56] [Server thread/WARN]: handleDisconnection() called twice
[15:38:56] [Server thread/INFO]: TeammateBot[/127.0.0.1:50917] logged in with entity id 1021 at (-1222.5, 4.0, -3184.65193594889)
[15:38:56] [Server thread/INFO]: TeammateBot joined the game
[15:38:56] [Server thread/INFO]: <TeammateBot> I am online.
[15:39:20] [Server thread/INFO]: TeammateBot lost connection: Disconnected
[15:39:20] [Server thread/INFO]: TeammateBot left the game
[15:39:22] [Server thread/INFO]: TeammateBot[/127.0.0.1:64037] logged in with entity id 1022 at (-1222.5, 4.0, -3184.65193594889)
[15:39:22] [Server thread/INFO]: TeammateBot joined the game
[15:39:22] [Server thread/INFO]: <TeammateBot> I am online.
